2. Управление группами:
a) создать группу;

# Создаем две новые учетные записи test_user2 и test_user3

student@Ubuntu-MySQL-VirtualBox:~$ sudo adduser test_user2
Добавляется пользователь «test_user2» ...
Добавляется новая группа «test_user2» (1001) ...
Добавляется новый пользователь «test_user2» (1001) в группу «test_user2» ...
Создаётся домашний каталог «/home/test_user2» ...
Копирование файлов из «/etc/skel» ...
Введите новый пароль UNIX: 
Повторите ввод нового пароля UNIX: 
Sorry, passwords do not match
passwd: Ошибка при операциях с маркером проверки подлинности
passwd: пароль не изменён
Попробовать ещё раз? [y/N] y
\Введите новый пароль UNIX: 
Повторите ввод нового пароля UNIX: 
passwd: пароль успешно обновлён
Изменение информации о пользователе test_user2
Введите новое значение или нажмите ENTER для выбора значения по умолчанию
	Полное имя []: 
	Номер комнаты []: 
	Рабочий телефон []: 
	Домашний телефон []: 
	Другое []: 
Данная информация корректна? [Y/n] y
student@Ubuntu-MySQL-VirtualBox:~$ ls / home
ls: невозможно получить доступ к 'home': Нет такого файла или каталога
/:
bin  boot  cdrom  dev  etc  home  initrd.img  initrd.img.old  lib  lib64  lost+found  media  mnt  opt  proc  root  run  sbin  snap  srv  sys  tmp  usr  var  vmlinuz  vmlinuz.old
student@Ubuntu-MySQL-VirtualBox:~$ ls /home
student  test_user2
student@Ubuntu-MySQL-VirtualBox:~$ sudo adduser test_user3
Добавляется пользователь «test_user3» ...
Добавляется новая группа «test_user3» (1002) ...
Добавляется новый пользователь «test_user3» (1002) в группу «test_user3» ...
Создаётся домашний каталог «/home/test_user3» ...
Копирование файлов из «/etc/skel» ...
Введите новый пароль UNIX: 
Повторите ввод нового пароля UNIX: 
passwd: пароль успешно обновлён
Изменение информации о пользователе test_user3
Введите новое значение или нажмите ENTER для выбора значения по умолчанию
	Полное имя []: 
	Номер комнаты []: 
	Рабочий телефон []: 
	Домашний телефон []: 
	Другое []: 
Данная информация корректна? [Y/n] 
student@Ubuntu-MySQL-VirtualBox:~$ cd test_user2
bash: cd: test_user2: Нет такого файла или каталога
student@Ubuntu-MySQL-VirtualBox:~$ su test_user2
Пароль: 
test_user2@Ubuntu-MySQL-VirtualBox:/home/student$

# Проверяем информацию в файле group

test_user2@Ubuntu-MySQL-VirtualBox:/home/student$ more /etc/group
root:x:0:
daemon:x:1:
bin:x:2:
sys:x:3:
adm:x:4:syslog,student
tty:x:5:
disk:x:6:
lp:x:7:
mail:x:8:
news:x:9:
uucp:x:10:
man:x:12:
proxy:x:13:
kmem:x:15:
dialout:x:20:
fax:x:21:
voice:x:22:
cdrom:x:24:student
floppy:x:25:
tape:x:26:
sudo:x:27:student
audio:x:29:pulse
dip:x:30:student
www-data:x:33:
backup:x:34:
operator:x:37:
list:x:38:
irc:x:39:
src:x:40:
gnats:x:41:
shadow:x:42:
utmp:x:43:
video:x:44:
sasl:x:45:
plugdev:x:46:student
staff:x:50:
games:x:60:
users:x:100:
nogroup:x:65534:
systemd-journal:x:101:
systemd-timesync:x:102:
systemd-network:x:103:
systemd-resolve:x:104:
systemd-bus-proxy:x:105:
input:x:106:
crontab:x:107:
syslog:x:108:
netdev:x:109:
messagebus:x:110:
uuidd:x:111:
ssl-cert:x:112:
lpadmin:x:113:student
lightdm:x:114:
nopasswdlogin:x:115:
ssh:x:116:
whoopsie:x:117:
mlocate:x:118:
avahi-autoipd:x:119:
avahi:x:120:
bluetooth:x:121:
scanner:x:122:saned
colord:x:123:
pulse:x:124:
pulse-access:x:125:
rtkit:x:126:
saned:x:127:
student:x:1000:
sambashare:x:128:student
vboxsf:x:999:
mysql:x:129:
guest-tgwcyb:x:998:
test_user2:x:1001:
test_user3:x:1002:

# или проще  
student@Ubuntu-MySQL-VirtualBox:~$ tail /etc/group
pulse-access:x:125:
rtkit:x:126:
saned:x:127:
student:x:1000:
sambashare:x:128:student
vboxsf:x:999:
mysql:x:129:
guest-tgwcyb:x:998:
test_user2:x:1001:
test_user3:x:1002:

# смотрим информацию о группах про test_user2 и test_user3

student@Ubuntu-MySQL-VirtualBox:~$ groups test_user2 test_user3
test_user2 : test_user2
test_user3 : test_user3
student@Ubuntu-MySQL-VirtualBox:~$ 


 #добавляем группу freelancers

student@Ubuntu-MySQL-VirtualBox:~$ sudo groupadd freelancers
[sudo] пароль для student: 

# Проверяем информацию о группах

student@Ubuntu-MySQL-VirtualBox:~$ tail /etc/group
rtkit:x:126:
saned:x:127:
student:x:1000:
sambashare:x:128:student
vboxsf:x:999:
mysql:x:129:
guest-tgwcyb:x:998:
test_user2:x:1001:
test_user3:x:1002:
freelancers:x:1003:
# дополнительная группа добавлена  

# добавляем в группу freelancers пользователя test_user2
student@Ubuntu-MySQL-VirtualBox:~$ sudo usermod -aG freelancers test_user2

# добавляем в группу freelancers пользователя test_user3
student@Ubuntu-MySQL-VirtualBox:~$ sudo usermod -aG freelancers test_user3

# проверяем группу пользователей
student@Ubuntu-MySQL-VirtualBox:~$ tail /etc/group
rtkit:x:126:
saned:x:127:
student:x:1000:
sambashare:x:128:student
vboxsf:x:999:
mysql:x:129:
guest-tgwcyb:x:998:
test_user2:x:1001:
test_user3:x:1002:
freelancers:x:1003:test_user2,test_user3
#  в группу freelancers добавлены пользователи test_user2 и test_user3, основные группы не изиенились.

#добавляем пользователя test_user4 прямо в группу freelancers с GID 1003 и проверям записи регистрации в системных файлах
student@Ubuntu-MySQL-VirtualBox:~$ sudo adduser test_user4 --gid 1003
Добавляется пользователь «test_user4» ...
Добавляется новый пользователь «test_user4» (1003) в группу «freelancers» ...
Создаётся домашний каталог «/home/test_user4» ...
Копирование файлов из «/etc/skel» ...
Введите новый пароль UNIX: 
Повторите ввод нового пароля UNIX: 
Sorry, passwords do not match
passwd: Ошибка при операциях с маркером проверки подлинности
passwd: пароль не изменён
Попробовать ещё раз? [y/N] 
Изменение информации о пользователе test_user4
Введите новое значение или нажмите ENTER для выбора значения по умолчанию
	Полное имя []: 
	Номер комнаты []: 
	Рабочий телефон []: 
	Домашний телефон []: 
	Другое []: 
Данная информация корректна? [Y/n] 


student@Ubuntu-MySQL-VirtualBox:~$ tail /etc/group
rtkit:x:126:
saned:x:127:
student:x:1000:
sambashare:x:128:student
vboxsf:x:999:
mysql:x:129:
guest-tgwcyb:x:998:
test_user2:x:1001:
test_user3:x:1002:
freelancers:x:1003:test_user2,test_user3
student@Ubuntu-MySQL-VirtualBox:~$ ls /home
student  test_user2  test_user3  test_user4
student@Ubuntu-MySQL-VirtualBox:~$ more /etc/group
root:x:0:
daemon:x:1:
bin:x:2:
sys:x:3:
adm:x:4:syslog,student
tty:x:5:
disk:x:6:
lp:x:7:
mail:x:8:
news:x:9:
uucp:x:10:
man:x:12:
proxy:x:13:
kmem:x:15:
dialout:x:20:
fax:x:21:
voice:x:22:
cdrom:x:24:student
floppy:x:25:
tape:x:26:
sudo:x:27:student
audio:x:29:pulse
dip:x:30:student
www-data:x:33:
backup:x:34:
operator:x:37:
list:x:38:
irc:x:39:
src:x:40:
gnats:x:41:
shadow:x:42:
utmp:x:43:
video:x:44:
sasl:x:45:
plugdev:x:46:student
staff:x:50:
games:x:60:
users:x:100:
nogroup:x:65534:
systemd-journal:x:101:
systemd-timesync:x:102:
systemd-network:x:103:
systemd-resolve:x:104:
systemd-bus-proxy:x:105:
input:x:106:
crontab:x:107:
syslog:x:108:
netdev:x:109:
messagebus:x:110:
uuidd:x:111:
ssl-cert:x:112:
lpadmin:x:113:student
lightdm:x:114:
nopasswdlogin:x:115:
ssh:x:116:
whoopsie:x:117:
mlocate:x:118:
avahi-autoipd:x:119:
avahi:x:120:
bluetooth:x:121:
scanner:x:122:saned
colord:x:123:
pulse:x:124:
pulse-access:x:125:
rtkit:x:126:
saned:x:127:
student:x:1000:
sambashare:x:128:student
vboxsf:x:999:
mysql:x:129:
guest-tgwcyb:x:998:
test_user2:x:1001:
test_user3:x:1002:
freelancers:x:1003:test_user2,test_user3


student@Ubuntu-MySQL-VirtualBox:~$ sudo more passwd
more: stat of passwd failed: Нет такого файла или каталога
student@Ubuntu-MySQL-VirtualBox:~$ sudo /etc more passwd
sudo: /etc: команда не найдена
student@Ubuntu-MySQL-VirtualBox:~$ /etc$ sudo more passwd
bash: /etc$: Нет такого файла или каталога
student@Ubuntu-MySQL-VirtualBox:~$ sudo /etc more passwd
sudo: /etc: команда не найдена
student@Ubuntu-MySQL-VirtualBox:~$ cd /etc
student@Ubuntu-MySQL-VirtualBox:/etc$ sudo more passwd
root:x:0:0:root:/root:/bin/bash
daemon:x:1:1:daemon:/usr/sbin:/usr/sbin/nologin
bin:x:2:2:bin:/bin:/usr/sbin/nologin
sys:x:3:3:sys:/dev:/usr/sbin/nologin
sync:x:4:65534:sync:/bin:/bin/sync
games:x:5:60:games:/usr/games:/usr/sbin/nologin
man:x:6:12:man:/var/cache/man:/usr/sbin/nologin
lp:x:7:7:lp:/var/spool/lpd:/usr/sbin/nologin
mail:x:8:8:mail:/var/mail:/usr/sbin/nologin
news:x:9:9:news:/var/spool/news:/usr/sbin/nologin
uucp:x:10:10:uucp:/var/spool/uucp:/usr/sbin/nologin
proxy:x:13:13:proxy:/bin:/usr/sbin/nologin
www-data:x:33:33:www-data:/var/www:/usr/sbin/nologin
backup:x:34:34:backup:/var/backups:/usr/sbin/nologin
list:x:38:38:Mailing List Manager:/var/list:/usr/sbin/nologin
irc:x:39:39:ircd:/var/run/ircd:/usr/sbin/nologin
gnats:x:41:41:Gnats Bug-Reporting System (admin):/var/lib/gnats:/usr/sbin/nologin
nobody:x:65534:65534:nobody:/nonexistent:/usr/sbin/nologin
systemd-timesync:x:100:102:systemd Time Synchronization,,,:/run/systemd:/bin/false
systemd-network:x:101:103:systemd Network Management,,,:/run/systemd/netif:/bin/false
systemd-resolve:x:102:104:systemd Resolver,,,:/run/systemd/resolve:/bin/false
systemd-bus-proxy:x:103:105:systemd Bus Proxy,,,:/run/systemd:/bin/false
syslog:x:104:108::/home/syslog:/bin/false
_apt:x:105:65534::/nonexistent:/bin/false
messagebus:x:106:110::/var/run/dbus:/bin/false
uuidd:x:107:111::/run/uuidd:/bin/false
lightdm:x:108:114:Light Display Manager:/var/lib/lightdm:/bin/false
whoopsie:x:109:117::/nonexistent:/bin/false
avahi-autoipd:x:110:119:Avahi autoip daemon,,,:/var/lib/avahi-autoipd:/bin/false
avahi:x:111:120:Avahi mDNS daemon,,,:/var/run/avahi-daemon:/bin/false
dnsmasq:x:112:65534:dnsmasq,,,:/var/lib/misc:/bin/false
colord:x:113:123:colord colour management daemon,,,:/var/lib/colord:/bin/false
speech-dispatcher:x:114:29:Speech Dispatcher,,,:/var/run/speech-dispatcher:/bin/false
hplip:x:115:7:HPLIP system user,,,:/var/run/hplip:/bin/false
kernoops:x:116:65534:Kernel Oops Tracking Daemon,,,:/:/bin/false
pulse:x:117:124:PulseAudio daemon,,,:/var/run/pulse:/bin/false
rtkit:x:118:126:RealtimeKit,,,:/proc:/bin/false
saned:x:119:127::/var/lib/saned:/bin/false
usbmux:x:120:46:usbmux daemon,,,:/var/lib/usbmux:/bin/false
student:x:1000:1000:student,,,:/home/student:/bin/bash
vboxadd:x:999:1::/var/run/vboxadd:/bin/false
mysql:x:121:129:MySQL Server,,,:/nonexistent:/bin/false
sshd:x:122:65534::/var/run/sshd:/usr/sbin/nologin
guest-tgwcyb:x:998:998:Гость:/tmp/guest-tgwcyb:/bin/bash
test_user2:x:1001:1001:,,,:/home/test_user2:/bin/bash
test_user3:x:1002:1002:,,,:/home/test_user3:/bin/bash
test_user4:x:1003:1003:,,,:/home/test_user4:/bin/bash

student@Ubuntu-MySQL-VirtualBox:/etc$ cd ~

student@Ubuntu-MySQL-VirtualBox:~$ groups test_user2 test_user3 test_user4
test_user2 : test_user2 freelancers
test_user3 : test_user3 freelancers
test_user4 : freelancers

# учетная запись test_user4 добавлена в группу freelancers напрямую без создания своей группы по умолчанию

b) попрактиковаться в смене групп у пользователей;


student@Ubuntu-MySQL-VirtualBox:~$ sudo usermod -g freelancers_new test_user2
[sudo] пароль для student: 
student@Ubuntu-MySQL-VirtualBox:~$ groups test_user2 test_user3 test_user4
test_user2 : freelancers_new freelancers
test_user3 : test_user3 freelancers
test_user4 : freelancers
# учетная запись test_user2 сменила свою группу  по умолчанию test_user2 на  группу freelancers_new

c) добавить пользователя в группу, не меняя основной;

student@Ubuntu-MySQL-VirtualBox:~$ sudo usermod -aG  freelancers_new test_user4
student@Ubuntu-MySQL-VirtualBox:~$ groups test_user2 test_user3 test_user4
test_user2 : freelancers_new freelancers
test_user3 : test_user3 freelancers
test_user4 : freelancers freelancers_new
student@Ubuntu-MySQL-VirtualBox:~$ 
# учетная запись test_user4 добавлена в группу freelancers_new сохранив основную группу freelancers


d) удалить пользователя из группы.

student@Ubuntu-MySQL-VirtualBox:~$ delgroup
/usr/sbin/delgroup: Только суперпользователь может удалить пользователя или группу из системы.
student@Ubuntu-MySQL-VirtualBox:~$ sudo delgroup
[sudo] пароль для student:
Введите имя группы, которую вы хотите удалить: freelancers
/usr/sbin/delgroup: У пользователя«test_user4» в качестве первичной указана группа «freelancers»!
student@Ubuntu-MySQL-VirtualBox:~$ groups test_user2 test_user3 test_user4
test_user2 : freelancers_new freelancers
test_user3 : test_user3 freelancers
test_user4 : freelancers freelancers_new
student@Ubuntu-MySQL-VirtualBox:~$ sudo delgroup
Введите имя группы, которую вы хотите удалить: freelancers_new
/usr/sbin/delgroup: У пользователя«test_user2» в качестве первичной указана группа «freelancers_new»!
student@Ubuntu-MySQL-VirtualBox:~$ groups test_user2 test_user3 test_user4
test_user2 : freelancers_new freelancers
test_user3 : test_user3 freelancers
test_user4 : freelancers freelancers_new
student@Ubuntu-MySQL-VirtualBox:~$ man groupdel
student@Ubuntu-MySQL-VirtualBox:~$ 
student@Ubuntu-MySQL-VirtualBox:~$ sudo usermod -g freelancers_new test_user4
student@Ubuntu-MySQL-VirtualBox:~$ groups test_user2 test_user3 test_user4
test_user2 : freelancers_new freelancers
test_user3 : test_user3 freelancers
test_user4 : freelancers_new
student@Ubuntu-MySQL-VirtualBox:~$ sudo delgroup
Введите имя группы, которую вы хотите удалить: freelancers
Удаляется группа «freelancers» ...
Готово.
student@Ubuntu-MySQL-VirtualBox:~$ groups test_user2 test_user3 test_user4
test_user2 : freelancers_new
test_user3 : test_user3
test_user4 : freelancers_new
student@Ubuntu-MySQL-VirtualBox:~$ 

student@Ubuntu-MySQL-VirtualBox:~$ groups test_user2 test_user3 test_user4
test_user2 : freelancers_new
test_user3 : test_user3
test_user4 : freelancers_new
student@Ubuntu-MySQL-VirtualBox:~$ sudo usermod -aG  freelancers_new test_user3
[sudo] пароль для student: 
student@Ubuntu-MySQL-VirtualBox:~$ groups student
student : student adm cdrom sudo dip plugdev lpadmin sambashare
student@Ubuntu-MySQL-VirtualBox:~$ sudo deluser test_user3 test_user3
/usr/sbin/deluser: Вы не можете удалить учётную запись из её первичной группы.
student@Ubuntu-MySQL-VirtualBox:~$ tail /etc/group
rtkit:x:126:
saned:x:127:
student:x:1000:
sambashare:x:128:student
vboxsf:x:999:
mysql:x:129:
guest-tgwcyb:x:998:
test_user2:x:1001:
test_user3:x:1002:
freelancers_new:x:1004:test_user4,test_user3
student@Ubuntu-MySQL-VirtualBox:~$ groups test_user2 test_user3 test_user4
test_user2 : freelancers_new
test_user3 : test_user3 freelancers_new
test_user4 : freelancers_new
student@Ubuntu-MySQL-VirtualBox:~$ sudo deluser test_user3 freelancers_new
[sudo] пароль для student: 
Удаляется пользователь «test_user3» из группы «freelancers_new» ...
Готово.
student@Ubuntu-MySQL-VirtualBox:~$ ^C
student@Ubuntu-MySQL-VirtualBox:~$ groups test_user2 test_user3 test_user4
test_user2 : freelancers_new
test_user3 : test_user3
test_user4 : freelancers_new
student@Ubuntu-MySQL-VirtualBox:~$ 

